// Jest Snapshot v1, https://goo.gl/fbAQLP

exports[`should render header correctly 1`] = `
<header
  className="header"
>
  <div
    className="content-container"
  >
    <div
      className="header__content"
    >
      <Link
        className="header__title"
        replace={false}
        to="/dashboard"
      >
        <h1>
          Liverpool Kendo Club
        </h1>
      </Link>
      <img
        alt="lkc_logo"
        className="header__icon"
        src="/images/lkc_logo.jpg"
      />
    </div>
  </div>
  <Connect(Sidebar) />
</header>
`;
