// Jest Snapshot v1, https://goo.gl/fbAQLP

exports[`should render link correctly 1`] = `
<div
  className="content-container"
>
  <h1>
    Kendo Links
  </h1>
  <h2>
    Kendo Federations
  </h2>
  <p />
  <a
    href="http://www.britishkendoassociation.com"
    target="_blank"
  >
    British Kendo Association
  </a>
  <p />
  <a
    href="http://www.ekf-eu.com/"
    target="_blank"
  >
    European Kendo Federation
  </a>
  <p />
  <a
    href="https://www.kendo-fik.org/english-page/english-top-page.html"
    target="_blank"
  >
    All Japan Kendo Federation
  </a>
  <h2>
    Books
  </h2>
  <a
    href="https://www.amazon.co.uk/Kendo-Definitive-Guide-Hiroshi-Ozawa/dp/4770021194"
    target="_blank"
  >
    Kendo: The Defintive Guide, Hiroshi Ozawa
  </a>
  <p />
  <a
    href="https://www.amazon.co.uk/Kendo-Comprehensive-Guide-Japanese-Swordsmanship/dp/4805312319/ref=pd_lpo_sbs_14_t_0?_encoding=UTF8&psc=1&refRID=B1WFW3JCYGHM5XXMPFB0"
    target="_blank"
  >
    Kendo: A Comprehensive Guide to Japanese Swordsmanship, Geoff Salmon
  </a>
  <p />
  <a
    href="https://www.amazon.co.uk/Oshu-Kendo-Renmei-European-1885-1974/dp/4907009232/ref=sr_1_3?s=books&ie=UTF8&qid=1520892379&sr=1-3&keywords=Paul+Budden"
    target="_blank"
  >
    The Oshu Kendo Renmei: A History of British and European Kendo (1885-1974), Paul Budden
  </a>
  <h2>
    Kendo Equipment
  </h2>
  <p />
  <p>
    Disclaimer: These are suggested sites to purchase kendo equipment from, we are totally impartial to these sites it's merely here to give our members a chance to purchase what they need to carry out the martial arts all these sites have delivered what they offered that's why we know they are all reliable. They are placed in alphabetical order
  </p>
  <p />
  <a
    href="http://www.alljapanbudogu.com/"
    target="_blank"
  >
    All Japan Budogu
  </a>
  <p />
  <a
    href="http://kendostar.co.uk/"
    target="_blank"
  >
    KendoStar
  </a>
  <p />
  <a
    href="https://www.ninecircles.co.uk/"
    target="_blank"
  >
    Nine Circles
  </a>
</div>
`;
